[H[2J你当前位于: 市中心
1. 查看公告
2. 查看身上现金
3. 保存游戏
4. 读取存档
5. 前往超市
6. 前往银行
请输入选项编号: 

[H[2J于2010年8月,我市预计正式完工电信大楼
于2009年12月,我市第一家银行正式营业,有需要者可以到银行办理业务
于2010年5月,我市预计开始建设电信大楼
于2009年7月,我市第一家银行正式完工
[H[2J你当前位于: 市中心
1. 查看公告
2. 查看身上现金
3. 保存游戏
4. 读取存档
5. 前往超市
6. 前往银行
请输入选项编号: 

[H[2J===== 保存游戏 =====
1. 2025-12-13 - 第10天 - ¥100
2. 空
3. 空
0. 返回
请选择槽位: 

[H[2J游戏已保存到槽位 1
[H[2J你当前位于: 市中心
1. 查看公告
2. 查看身上现金
3. 保存游戏
4. 读取存档
5. 前往超市
6. 前往银行
请输入选项编号: 
输入无效，请输入一个整数: 输入无效，请输入一个整数: 
[H[2J于2010年8月,我市预计正式完工电信大楼
于2009年12月,我市第一家银行正式营业,有需要者可以到银行办理业务
于2010年5月,我市预计开始建设电信大楼
于2009年7月,我市第一家银行正式完工
[H[2J你当前位于: 市中心
1. 查看公告
2. 查看身上现金
3. 保存游戏
4. 读取存档
5. 前往超市
6. 前往银行
请输入选项编号: 
输入无效，请输入一个整数: 输入无效，请输入一个整数: 
[H[2J===== 读取存档 =====
1. 2025-12-13 - 第10天 - ¥100
2. 空
3. 空
0. 返回
请选择槽位: 

[H[2J存档已加载
[H[2J你当前位于: 市中心
1. 查看公告
2. 查看身上现金
3. 保存游戏
4. 读取存档
5. 前往超市
6. 前往银行
请输入选项编号: 

输入无效，请按回车重新输入。

[H[2J你当前位于: 市中心
1. 查看公告
2. 查看身上现金
3. 保存游戏
4. 读取存档
5. 前往超市
6. 前往银行
请输入选项编号: 
输入无效，请输入一个整数: 
输入无效，请按回车重新输入。

[H[2J你当前位于: 市中心
1. 查看公告
2. 查看身上现金
3. 保存游戏
4. 读取存档
5. 前往超市
6. 前往银行
请输入选项编号: 
输入无效，请输入一个整数: 